// Jest Snapshot v1, https://goo.gl/fbAQLP

exports[`<PokemonList/> renders properly 1`] = `ShallowWrapper {}`;
