// Jest Snapshot v1, https://goo.gl/fbAQLP

exports[`<Pokemon/> renders properly 1`] = `ShallowWrapper {}`;
