// Jest Snapshot v1, https://goo.gl/fbAQLP

exports[`<TextField/> renders properly 1`] = `ShallowWrapper {}`;
