// Jest Snapshot v1, https://goo.gl/fbAQLP

exports[`<PokemonCard/> renders properly 1`] = `ShallowWrapper {}`;
