// Jest Snapshot v1, https://goo.gl/fbAQLP

exports[`<PokemonContext/> renders properly 1`] = `ReactWrapper {}`;
