// Jest Snapshot v1, https://goo.gl/fbAQLP

exports[`<Main/> renders properly 1`] = `ShallowWrapper {}`;
