// Jest Snapshot v1, https://goo.gl/fbAQLP

exports[`<GoogleMap/> renders properly 1`] = `ShallowWrapper {}`;
